Copyright 1986-2018 Xilinx, Inc. All Rights Reserved.
-----------------------------------------------------------------------------------------
| Tool Version : Vivado v.2018.2 (win64) Build 2258646 Thu Jun 14 20:03:12 MDT 2018
| Date         : Fri Mar 29 16:34:05 2019
| Host         : agazorPC running 64-bit major release  (build 9200)
| Command      : report_control_sets -verbose -file PmodOLEDCtrl_control_sets_placed.rpt
| Design       : PmodOLEDCtrl
| Device       : xc7z020
-----------------------------------------------------------------------------------------

Control Set Information

Table of Contents
-----------------
1. Summary
2. Histogram
3. Flip-Flop Distribution
4. Detailed Control Set Information

1. Summary
----------

+----------------------------------------------------------+-------+
|                          Status                          | Count |
+----------------------------------------------------------+-------+
| Number of unique control sets                            |    32 |
| Unused register locations in slices containing registers |   100 |
+----------------------------------------------------------+-------+


2. Histogram
------------

+--------+--------------+
| Fanout | Control Sets |
+--------+--------------+
|      2 |            2 |
|      6 |            2 |
|      8 |            3 |
|     10 |            8 |
|     14 |            3 |
|    16+ |           14 |
+--------+--------------+


3. Flip-Flop Distribution
-------------------------

+--------------+-----------------------+------------------------+-----------------+--------------+
| Clock Enable | Synchronous Set/Reset | Asynchronous Set/Reset | Total Registers | Total Slices |
+--------------+-----------------------+------------------------+-----------------+--------------+
| No           | No                    | No                     |              22 |            7 |
| No           | No                    | Yes                    |               0 |            0 |
| No           | Yes                   | No                     |             102 |           15 |
| Yes          | No                    | No                     |             220 |           39 |
| Yes          | No                    | Yes                    |               0 |            0 |
| Yes          | Yes                   | No                     |             220 |           36 |
+--------------+-----------------------+------------------------+-----------------+--------------+


4. Detailed Control Set Information
-----------------------------------

+----------------+--------------------------------------------------------+----------------------------------------------+------------------+----------------+
|  Clock Signal  |                      Enable Signal                     |               Set/Reset Signal               | Slice Load Count | Bel Load Count |
+----------------+--------------------------------------------------------+----------------------------------------------+------------------+----------------+
|  CLK_IBUF_BUFG | Init/temp_vdd2_out                                     |                                              |                1 |              2 |
|  CLK_IBUF_BUFG | Init/temp_vbat3_out                                    |                                              |                1 |              2 |
|  CLK_IBUF_BUFG | Example/DELAY_COMP/FSM_onehot_current_state[3]_i_1_n_0 | RST_IBUF                                     |                1 |              6 |
|  CLK_IBUF_BUFG | Init/DELAY_COMP/FSM_onehot_current_state[3]_i_1__1_n_0 | RST_IBUF                                     |                1 |              6 |
|  CLK_IBUF_BUFG | Example/temp_spi_data[5]_i_1_n_0                       |                                              |                2 |              8 |
|  CLK_IBUF_BUFG | Example/temp_spi_data[5]_i_1_n_0                       | Example/temp_spi_data[7]_i_1__0_n_0          |                1 |              8 |
|  CLK_IBUF_BUFG | Init/E[0]                                              | RST_IBUF                                     |                1 |              8 |
|  CLK_IBUF_BUFG |                                                        | Example/SPI_COMP/counter                     |                1 |             10 |
|  CLK_IBUF_BUFG |                                                        | Init/SPI_COMP/counter                        |                1 |             10 |
|  CLK_IBUF_BUFG | Example/g0_b0__2_n_0                                   |                                              |                3 |             10 |
|  CLK_IBUF_BUFG | Example/SPI_COMP/E[0]                                  | RST_IBUF                                     |                3 |             10 |
|  CLK_IBUF_BUFG | Example/SPI_COMP/temp_sdo                              | Example/SPI_COMP/shift_counter[3]_i_1_n_0    |                2 |             10 |
|  CLK_IBUF_BUFG | Init/SPI_COMP/E[0]                                     | RST_IBUF                                     |                2 |             10 |
|  CLK_IBUF_BUFG | Init/SPI_COMP/temp_sdo                                 | Init/SPI_COMP/shift_counter[3]_i_1__0_n_0    |                2 |             10 |
|  CLK_IBUF_BUFG | Init/after_state__0                                    |                                              |                2 |             10 |
|  CLK_IBUF_BUFG |                                                        | RST_IBUF                                     |                3 |             14 |
|  CLK_IBUF_BUFG | Example/secondCounter0                                 | RST_IBUF                                     |                2 |             14 |
|  CLK_IBUF_BUFG | Example/after_page_state[4]_i_1_n_0                    |                                              |                2 |             14 |
|  CLK_IBUF_BUFG | Example/SPI_COMP/shift_register                        |                                              |                3 |             16 |
|  CLK_IBUF_BUFG | Example/after_update_state[1]_i_1_n_0                  |                                              |                3 |             16 |
|  CLK_IBUF_BUFG | Init/SPI_COMP/shift_register_0                         |                                              |                3 |             16 |
|  CLK_IBUF_BUFG | Init/g0_b0__1_n_0                                      |                                              |                2 |             16 |
|  CLK_IBUF_BUFG | Example/g0_b0__3_n_0                                   |                                              |                3 |             20 |
|  CLK_IBUF_BUFG |                                                        |                                              |                7 |             22 |
|  CLK_IBUF_BUFG | Example/DELAY_COMP/ms_counter[0]_i_2_n_0               | Example/DELAY_COMP/ms_counter                |                3 |             24 |
|  CLK_IBUF_BUFG | Example/after_update_state[1]_i_1_n_0                  | Example/current_screen[3,0][4]_i_1_n_0       |                6 |             24 |
|  CLK_IBUF_BUFG | Init/DELAY_COMP/ms_counter[0]_i_2__0_n_0               | Init/DELAY_COMP/ms_counter                   |                3 |             24 |
|  CLK_IBUF_BUFG | Example/temp_char                                      |                                              |                6 |             26 |
|  CLK_IBUF_BUFG |                                                        | Example/DELAY_COMP/clk_counter[0]_i_1__0_n_0 |                5 |             34 |
|  CLK_IBUF_BUFG |                                                        | Init/DELAY_COMP/clk_counter                  |                5 |             34 |
|  CLK_IBUF_BUFG | Example/refreshCounter[0]_i_1_n_0                      |                                              |                8 |             64 |
|  CLK_IBUF_BUFG | Example/counter[0]_i_1__0_n_0                          | RST_IBUF                                     |                9 |             66 |
+----------------+--------------------------------------------------------+----------------------------------------------+------------------+----------------+


